<html>
<body>
<pre>
<h1>╡Vision Build Log</h1>
<h2>Tool Versions:</h2>
IDE-Version: ╡Vision V5.22.0.0
Copyright (C) 2016 ARM Ltd and ARM Germany GmbH. All rights reserved.
License Information: 1 1, 3, LIC=R4HKP-MEIBJ-156TV-P0NJ2-N10VT-EYP3T
 
Tool Versions:
Toolchain:       MDK-ARM Professional  Version: 5.22
Toolchain Path:  C:\Keil_v5\ARM\ARMCC\Bin
C Compiler:      Armcc.exe V5.06 update 4 (build 422)
Assembler:       Armasm.exe V5.06 update 4 (build 422)
Linker/Locator:  ArmLink.exe V5.06 update 4 (build 422)
Library Manager: ArmAr.exe V5.06 update 4 (build 422)
Hex Converter:   FromElf.exe V5.06 update 4 (build 422)
CPU DLL:         SARMCM3.DLL V5.22
Dialog DLL:      DCM.DLL V1.13.9.0
Target DLL:      STLink\ST-LINKIII-KEIL_SWO.dll V2.0.18.0
Dialog DLL:      TCM.DLL V1.21.0.0
 
<h2>Project:</h2>
C:\╧ЁюхъЄ√\╙ы№ЄЁр-ьшъЁюэ\firmware\ultramicron.uvprojx
Project File Date:  03/15/2017

<h2>Output:</h2>
*** Using Compiler 'V5.06 update 4 (build 422)', folder: 'C:\Keil_v5\ARM\ARMCC\Bin'
Rebuild target 'Ultra-Micron 4.02+ EN'
assembling startup_stm32l1xx_md.s...
compiling stm32l1xx_aes.c...
compiling system_stm32l1xx.c...
compiling misc.c...
compiling stm32l1xx_adc.c...
compiling stm32l1xx_comp.c...
compiling stm32l1xx_aes_util.c...
compiling stm32l1xx_crc.c...
compiling stm32l1xx_dbgmcu.c...
compiling stm32l1xx_dma.c...
compiling stm32l1xx_exti.c...
compiling stm32l1xx_fsmc.c...
compiling stm32l1xx_flash_ramfunc.c...
compiling stm32l1xx_gpio.c...
compiling stm32l1xx_flash.c...
compiling stm32l1xx_i2c.c...
compiling stm32l1xx_iwdg.c...
compiling stm32l1xx_lcd.c...
compiling stm32l1xx_opamp.c...
compiling stm32l1xx_pwr.c...
compiling stm32l1xx_rcc.c...
compiling stm32l1xx_rtc.c...
compiling stm32l1xx_sdio.c...
compiling stm32l1xx_syscfg.c...
compiling stm32l1xx_spi.c...
compiling stm32l1xx_wwdg.c...
compiling stm32l1xx_usart.c...
compiling stm32l1xx_tim.c...
compiling stm32l1xx_it.c...
compiling services.c...
compiling timers.c...
compiling adc.c...
compiling clock.c...
compiling delay.c...
compiling dac.c...
compiling interrupt.c...
compiling io_ports.c...
compiling ext2760.c...
compiling keys.c...
compiling menu.c...
compiling rtc.c...
compiling usb.c...
compiling main.c...
compiling power.c...
compiling Pump.c...
compiling usb_init.c...
compiling usb_core.c...
compiling usb_int.c...
compiling usb_mem.c...
compiling usb_sil.c...
compiling usb_desc.c...
compiling hw_config.c...
compiling usb_endp.c...
compiling usb_regs.c...
compiling usb_prop.c...
compiling usb_istr.c...
compiling usb_pwr.c...
compiling flash_save.c...
compiling eeprom.c...
linking...
Program Size: Code=40948 RO-data=472 RW-data=4576 ZI-data=4040  
FromELF: creating hex file...
After Build - User command #1: C:\╧ЁюхъЄ√\╙ы№ЄЁр-ьшъЁюэ\firmware\clear.bat
C:\Проекты\Ультра-микрон\firmware\obj\Ultra-Micron_4_02_EN.build_log.htm
Процесс не может получить доступ к файлу, так как этот файл занят другим процессом.
".\obj\Ultra-Micron_4_02_EN.axf" - 0 Error(s), 0 Warning(s).

<h2>Collection of Component include folders:</h2>
  C:\╧ЁюхъЄ√\╙ы№ЄЁр-ьшъЁюэ\firmware\RTE\_Ultra-Micron_4.02__EN
  C:\Keil_v5\ARM\PACK\Keil\STM32L1xx_DFP\1.0.2\Device\Include

<h2>Collection of Component Files used:</h2>
Build Time Elapsed:  00:00:04
</pre>
</body>
</html>
